// Jest Snapshot v1, https://goo.gl/fbAQLP

exports[`prometheusMiddleware createPrometheusMiddleware should return the name of the first matching route 1`] = `
Array [
  Object {
    "buckets": Array [
      0.01,
      0.05,
      0.1,
      0.2,
      0.3,
      0.4,
      0.5,
      0.6,
      0.7,
      0.8,
      0.9,
      1,
      2,
      3,
      4,
      5,
      6,
      7,
      8,
      9,
      10,
    ],
    "excludeRoutes": Array [
      /assets/,
    ],
    "includeMethod": true,
    "includePath": true,
  },
]
`;
